CREATE EXTENSION IF NOT EXISTS check_digits;
NOTICE:  extension "check_digits" already exists, skipping
-- should be true
select check_digits_ogrn('1037739010891');
 check_digits_ogrn 
-------------------
 t
(1 row)

select check_digits_ogrn('304500116000157');
 check_digits_ogrn 
-------------------
 t
(1 row)

-- should be false
select check_digits_ogrn('302500116000353');
 check_digits_ogrn 
-------------------
 f
(1 row)

-- should fail with error
-- by length
select check_digits_ogrn('30450011600015712');
ERROR:  OGRN must contain 13 or 15 digits
select check_digits_ogrn('10373901091');
ERROR:  OGRN must contain 13 or 15 digits
-- by wrong characters
select check_digits_ogrn('1037739O10891');
ERROR:  invalid symbol "O"
